[
  {
    "data": "Paris",
    "AVERAGE": 2240621.0
  },
  {
    "data": "Haute-Garonne",
    "AVERAGE": 245008.0
  },
  {
    "data": "Cote-d'Or",
    "AVERAGE": 152071.0
  },
  {
    "data": "Sarthe",
    "AVERAGE": 143599.0
  },
  {
    "data": "Puy-de-Dome",
    "AVERAGE": 141569.0
  },
  {
    "data": "Haute-Vienne",
    "AVERAGE": 136221.0
  },
  {
    "data": "Bouches-du-Rhone",
    "AVERAGE": 132899.6
  },
  {
    "data": "Somme",
    "AVERAGE": 132727.0
  },
  {
    "data": "Herault",
    "AVERAGE": 128661.33333333333
  },
  {
    "data": "Ille-et-Vilaine",
    "AVERAGE": 127240.0
  },
  {
    "data": "Pyrenees-Orientales",
    "AVERAGE": 120489.0
  },
  {
    "data": "Doubs",
    "AVERAGE": 116353.0
  },
  {
    "data": "Loiret",
    "AVERAGE": 114286.0
  },
  {
    "data": "Marne",
    "AVERAGE": 113559.0
  },
  {
    "data": "Bas-Rhin",
    "AVERAGE": 113497.0
  },
  {
    "data": "Loire-Atlantique",
    "AVERAGE": 110552.0
  },
  {
    "data": "Calvados",
    "AVERAGE": 108365.0
  },
  {
    "data": "Alpes-Maritimes",
    "AVERAGE": 105603.66666666667
  },
  {
    "data": "Seine-Maritime",
    "AVERAGE": 105110.33333333333
  },
  {
    "data": "Metropole de Lyon",
    "AVERAGE": 103621.44444444444
  },
  {
    "data": "Gironde",
    "AVERAGE": 102132.0
  },
  {
    "data": "Maine-et-Loire",
    "AVERAGE": 101599.0
  },
  {
    "data": "Finistere",
    "AVERAGE": 101518.0
  },
  {
    "data": "Gard",
    "AVERAGE": 93870.0
  },
  {
    "data": "Vaucluse",
    "AVERAGE": 89380.0
  },
  {
    "data": "Haut-Rhin",
    "AVERAGE": 89006.0
  },
  {
    "data": "Indre-et-Loire",
    "AVERAGE": 86087.0
  },
  {
    "data": "Loire",
    "AVERAGE": 80948.66666666667
  },
  {
    "data": "Moselle",
    "AVERAGE": 80438.0
  },
  {
    "data": "Isere",
    "AVERAGE": 77425.66666666667
  },
  {
    "data": "Charente-Maritime",
    "AVERAGE": 74123.0
  },
  {
    "data": "Nord",
    "AVERAGE": 72635.72727272728
  },
  {
    "data": "Meurthe-et-Moselle",
    "AVERAGE": 67818.0
  },
  {
    "data": "Cher",
    "AVERAGE": 66666.0
  },
  {
    "data": "Corse-du-Sud",
    "AVERAGE": 66245.0
  },
  {
    "data": "Var",
    "AVERAGE": 63197.57142857143
  },
  {
    "data": "Martinique",
    "AVERAGE": 62683.5
  },
  {
    "data": "Hauts-de-Seine",
    "AVERAGE": 60639.23809523809
  },
  {
    "data": "Aube",
    "AVERAGE": 60009.0
  },
  {
    "data": "La Reunion",
    "AVERAGE": 59911.583333333336
  },
  {
    "data": "Vienne",
    "AVERAGE": 59591.5
  },
  {
    "data": "Guadeloupe",
    "AVERAGE": 58606.0
  },
  {
    "data": "Savoie",
    "AVERAGE": 58039.0
  },
  {
    "data": "Deux-Sevres",
    "AVERAGE": 57607.0
  },
  {
    "data": "Tarn-et-Garonne",
    "AVERAGE": 56887.0
  },
  {
    "data": "Aisne",
    "AVERAGE": 56217.0
  },
  {
    "data": "Morbihan",
    "AVERAGE": 55177.0
  },
  {
    "data": "Pyrenees-Atlantiques",
    "AVERAGE": 54528.0
  },
  {
    "data": "Seine-Saint-Denis",
    "AVERAGE": 52894.166666666664
  },
  {
    "data": "Vendee",
    "AVERAGE": 52808.0
  },
  {
    "data": "Val-de-Marne",
    "AVERAGE": 52777.25
  },
  {
    "data": "Val-d'Oise",
    "AVERAGE": 51229.28571428572
  },
  {
    "data": "Mayenne",
    "AVERAGE": 50658.0
  },
  {
    "data": "Territoire de Belfort",
    "AVERAGE": 50102.0
  },
  {
    "data": "Ardennes",
    "AVERAGE": 49759.0
  },
  {
    "data": "Eure",
    "AVERAGE": 49634.0
  },
  {
    "data": "Aude",
    "AVERAGE": 49468.5
  },
  {
    "data": "Guyane",
    "AVERAGE": 47897.5
  },
  {
    "data": "Correze",
    "AVERAGE": 47411.0
  },
  {
    "data": "Seine-et-Marne",
    "AVERAGE": 46251.0
  },
  {
    "data": "Cotes-d'Armor",
    "AVERAGE": 45936.0
  },
  {
    "data": "Loir-et-Cher",
    "AVERAGE": 45903.0
  },
  {
    "data": "Tarn",
    "AVERAGE": 45380.0
  },
  {
    "data": "Indre",
    "AVERAGE": 44960.0
  },
  {
    "data": "Pas-de-Calais",
    "AVERAGE": 44171.2
  },
  {
    "data": "Drome",
    "AVERAGE": 43962.0
  },
  {
    "data": "Haute-Corse",
    "AVERAGE": 43479.0
  },
  {
    "data": "Oise",
    "AVERAGE": 42751.0
  },
  {
    "data": "Charente",
    "AVERAGE": 42014.0
  },
  {
    "data": "Hautes-Pyrenees",
    "AVERAGE": 41664.0
  },
  {
    "data": "Yvelines",
    "AVERAGE": 41036.63636363636
  },
  {
    "data": "Hautes-Alpes",
    "AVERAGE": 40761.0
  },
  {
    "data": "Ain",
    "AVERAGE": 40171.0
  },
  {
    "data": "Haute-Savoie",
    "AVERAGE": 39590.0
  },
  {
    "data": "Essonne",
    "AVERAGE": 39364.142857142855
  },
  {
    "data": "Saone-et-Loire",
    "AVERAGE": 38740.5
  },
  {
    "data": "Allier",
    "AVERAGE": 38072.0
  },
  {
    "data": "Manche",
    "AVERAGE": 37121.0
  },
  {
    "data": "Saint-Martin COM autonome",
    "AVERAGE": 36622.0
  },
  {
    "data": "Rhone",
    "AVERAGE": 36241.0
  },
  {
    "data": "Nievre",
    "AVERAGE": 35327.0
  },
  {
    "data": "Yonne",
    "AVERAGE": 35096.0
  },
  {
    "data": "Eure-et-Loir",
    "AVERAGE": 35042.0
  },
  {
    "data": "Lot-et-Garonne",
    "AVERAGE": 33730.0
  },
  {
    "data": "Vosges",
    "AVERAGE": 32387.0
  },
  {
    "data": "Landes",
    "AVERAGE": 31018.0
  }
]