[
  {
    "data": "Paris",
    "MAX": 2240621.0
  },
  {
    "data": "Bouches-du-Rhone",
    "MAX": 852516.0
  },
  {
    "data": "Metropole de Lyon",
    "MAX": 496343.0
  },
  {
    "data": "Haute-Garonne",
    "MAX": 453317.0
  },
  {
    "data": "Alpes-Maritimes",
    "MAX": 343629.0
  },
  {
    "data": "Loire-Atlantique",
    "MAX": 291604.0
  },
  {
    "data": "Bas-Rhin",
    "MAX": 274394.0
  },
  {
    "data": "Herault",
    "MAX": 268456.0
  },
  {
    "data": "Gironde",
    "MAX": 241287.0
  },
  {
    "data": "Nord",
    "MAX": 228652.0
  },
  {
    "data": "Ille-et-Vilaine",
    "MAX": 209860.0
  },
  {
    "data": "Marne",
    "MAX": 181893.0
  },
  {
    "data": "Seine-Maritime",
    "MAX": 173142.0
  },
  {
    "data": "Loire",
    "MAX": 171483.0
  },
  {
    "data": "Var",
    "MAX": 164899.0
  },
  {
    "data": "Isere",
    "MAX": 158346.0
  },
  {
    "data": "Cote-d'Or",
    "MAX": 152071.0
  },
  {
    "data": "Maine-et-Loire",
    "MAX": 149017.0
  },
  {
    "data": "Gard",
    "MAX": 146709.0
  },
  {
    "data": "La Reunion",
    "MAX": 145238.0
  },
  {
    "data": "Sarthe",
    "MAX": 143599.0
  },
  {
    "data": "Puy-de-Dome",
    "MAX": 141569.0
  },
  {
    "data": "Finistere",
    "MAX": 139676.0
  },
  {
    "data": "Haute-Vienne",
    "MAX": 136221.0
  },
  {
    "data": "Indre-et-Loire",
    "MAX": 134978.0
  },
  {
    "data": "Somme",
    "MAX": 132727.0
  },
  {
    "data": "Pyrenees-Orientales",
    "MAX": 120489.0
  },
  {
    "data": "Moselle",
    "MAX": 119551.0
  },
  {
    "data": "Hauts-de-Seine",
    "MAX": 117126.0
  },
  {
    "data": "Doubs",
    "MAX": 116353.0
  },
  {
    "data": "Loiret",
    "MAX": 114286.0
  },
  {
    "data": "Haut-Rhin",
    "MAX": 110755.0
  },
  {
    "data": "Calvados",
    "MAX": 108365.0
  },
  {
    "data": "Seine-Saint-Denis",
    "MAX": 108274.0
  },
  {
    "data": "Meurthe-et-Moselle",
    "MAX": 105067.0
  },
  {
    "data": "Val-d'Oise",
    "MAX": 104962.0
  },
  {
    "data": "Val-de-Marne",
    "MAX": 89845.0
  },
  {
    "data": "Vaucluse",
    "MAX": 89380.0
  },
  {
    "data": "Vienne",
    "MAX": 87646.0
  },
  {
    "data": "Martinique",
    "MAX": 85667.0
  },
  {
    "data": "Yvelines",
    "MAX": 85424.0
  },
  {
    "data": "Pyrenees-Atlantiques",
    "MAX": 78506.0
  },
  {
    "data": "Charente-Maritime",
    "MAX": 74123.0
  },
  {
    "data": "Pas-de-Calais",
    "MAX": 72589.0
  },
  {
    "data": "Cher",
    "MAX": 66666.0
  },
  {
    "data": "Corse-du-Sud",
    "MAX": 66245.0
  },
  {
    "data": "Drome",
    "MAX": 62481.0
  },
  {
    "data": "Aube",
    "MAX": 60009.0
  },
  {
    "data": "Guadeloupe",
    "MAX": 58606.0
  },
  {
    "data": "Savoie",
    "MAX": 58039.0
  },
  {
    "data": "Morbihan",
    "MAX": 57706.0
  },
  {
    "data": "Deux-Sevres",
    "MAX": 57607.0
  },
  {
    "data": "Tarn-et-Garonne",
    "MAX": 56887.0
  },
  {
    "data": "Aisne",
    "MAX": 56217.0
  },
  {
    "data": "Guyane",
    "MAX": 55198.0
  },
  {
    "data": "Oise",
    "MAX": 54289.0
  },
  {
    "data": "Seine-et-Marne",
    "MAX": 53623.0
  },
  {
    "data": "Vendee",
    "MAX": 52808.0
  },
  {
    "data": "Essonne",
    "MAX": 52349.0
  },
  {
    "data": "Aude",
    "MAX": 51869.0
  },
  {
    "data": "Haute-Savoie",
    "MAX": 50943.0
  },
  {
    "data": "Mayenne",
    "MAX": 50658.0
  },
  {
    "data": "Territoire de Belfort",
    "MAX": 50102.0
  },
  {
    "data": "Ardennes",
    "MAX": 49759.0
  },
  {
    "data": "Eure",
    "MAX": 49634.0
  },
  {
    "data": "Tarn",
    "MAX": 49231.0
  },
  {
    "data": "Correze",
    "MAX": 47411.0
  },
  {
    "data": "Cotes-d'Armor",
    "MAX": 45936.0
  },
  {
    "data": "Loir-et-Cher",
    "MAX": 45903.0
  },
  {
    "data": "Indre",
    "MAX": 44960.0
  },
  {
    "data": "Saone-et-Loire",
    "MAX": 44564.0
  },
  {
    "data": "Haute-Corse",
    "MAX": 43479.0
  },
  {
    "data": "Charente",
    "MAX": 42014.0
  },
  {
    "data": "Hautes-Pyrenees",
    "MAX": 41664.0
  },
  {
    "data": "Hautes-Alpes",
    "MAX": 40761.0
  },
  {
    "data": "Ain",
    "MAX": 40171.0
  },
  {
    "data": "Eure-et-Loir",
    "MAX": 38889.0
  },
  {
    "data": "Allier",
    "MAX": 38072.0
  },
  {
    "data": "Manche",
    "MAX": 37121.0
  },
  {
    "data": "Saint-Martin COM autonome",
    "MAX": 36622.0
  },
  {
    "data": "Rhone",
    "MAX": 36241.0
  },
  {
    "data": "Nievre",
    "MAX": 35327.0
  },
  {
    "data": "Yonne",
    "MAX": 35096.0
  },
  {
    "data": "Lot-et-Garonne",
    "MAX": 33730.0
  },
  {
    "data": "Vosges",
    "MAX": 32387.0
  },
  {
    "data": "Landes",
    "MAX": 31018.0
  }
]