[
  {
    "data": "Paris",
    "MIN": 2240621.0
  },
  {
    "data": "Cote-d'Or",
    "MIN": 152071.0
  },
  {
    "data": "Sarthe",
    "MIN": 143599.0
  },
  {
    "data": "Puy-de-Dome",
    "MIN": 141569.0
  },
  {
    "data": "Haute-Vienne",
    "MIN": 136221.0
  },
  {
    "data": "Somme",
    "MIN": 132727.0
  },
  {
    "data": "Pyrenees-Orientales",
    "MIN": 120489.0
  },
  {
    "data": "Doubs",
    "MIN": 116353.0
  },
  {
    "data": "Loiret",
    "MIN": 114286.0
  },
  {
    "data": "Calvados",
    "MIN": 108365.0
  },
  {
    "data": "Vaucluse",
    "MIN": 89380.0
  },
  {
    "data": "Charente-Maritime",
    "MIN": 74123.0
  },
  {
    "data": "Haut-Rhin",
    "MIN": 67257.0
  },
  {
    "data": "Cher",
    "MIN": 66666.0
  },
  {
    "data": "Corse-du-Sud",
    "MIN": 66245.0
  },
  {
    "data": "Finistere",
    "MIN": 63360.0
  },
  {
    "data": "Aube",
    "MIN": 60009.0
  },
  {
    "data": "Guadeloupe",
    "MIN": 58606.0
  },
  {
    "data": "Savoie",
    "MIN": 58039.0
  },
  {
    "data": "Deux-Sevres",
    "MIN": 57607.0
  },
  {
    "data": "Tarn-et-Garonne",
    "MIN": 56887.0
  },
  {
    "data": "Aisne",
    "MIN": 56217.0
  },
  {
    "data": "Maine-et-Loire",
    "MIN": 54181.0
  },
  {
    "data": "Vendee",
    "MIN": 52808.0
  },
  {
    "data": "Morbihan",
    "MIN": 52648.0
  },
  {
    "data": "Mayenne",
    "MIN": 50658.0
  },
  {
    "data": "Territoire de Belfort",
    "MIN": 50102.0
  },
  {
    "data": "Ardennes",
    "MIN": 49759.0
  },
  {
    "data": "Eure",
    "MIN": 49634.0
  },
  {
    "data": "Correze",
    "MIN": 47411.0
  },
  {
    "data": "Aude",
    "MIN": 47068.0
  },
  {
    "data": "Cotes-d'Armor",
    "MIN": 45936.0
  },
  {
    "data": "Loir-et-Cher",
    "MIN": 45903.0
  },
  {
    "data": "Marne",
    "MIN": 45225.0
  },
  {
    "data": "Indre",
    "MIN": 44960.0
  },
  {
    "data": "Ille-et-Vilaine",
    "MIN": 44620.0
  },
  {
    "data": "Herault",
    "MIN": 44558.0
  },
  {
    "data": "Haute-Corse",
    "MIN": 43479.0
  },
  {
    "data": "Alpes-Maritimes",
    "MIN": 43115.0
  },
  {
    "data": "Charente",
    "MIN": 42014.0
  },
  {
    "data": "Hautes-Pyrenees",
    "MIN": 41664.0
  },
  {
    "data": "Tarn",
    "MIN": 41529.0
  },
  {
    "data": "Gironde",
    "MIN": 41358.0
  },
  {
    "data": "Moselle",
    "MIN": 41325.0
  },
  {
    "data": "Gard",
    "MIN": 41031.0
  },
  {
    "data": "Hautes-Alpes",
    "MIN": 40761.0
  },
  {
    "data": "Guyane",
    "MIN": 40597.0
  },
  {
    "data": "Ain",
    "MIN": 40171.0
  },
  {
    "data": "Martinique",
    "MIN": 39700.0
  },
  {
    "data": "Loire-Atlantique",
    "MIN": 39377.0
  },
  {
    "data": "Pyrenees-Atlantiques",
    "MIN": 39223.0
  },
  {
    "data": "Allier",
    "MIN": 38072.0
  },
  {
    "data": "Seine-et-Marne",
    "MIN": 37631.0
  },
  {
    "data": "Indre-et-Loire",
    "MIN": 37196.0
  },
  {
    "data": "Manche",
    "MIN": 37121.0
  },
  {
    "data": "Haute-Garonne",
    "MIN": 36699.0
  },
  {
    "data": "Saint-Martin COM autonome",
    "MIN": 36622.0
  },
  {
    "data": "Rhone",
    "MIN": 36241.0
  },
  {
    "data": "Isere",
    "MIN": 35826.0
  },
  {
    "data": "Loire",
    "MIN": 35564.0
  },
  {
    "data": "Nievre",
    "MIN": 35327.0
  },
  {
    "data": "Yonne",
    "MIN": 35096.0
  },
  {
    "data": "Bouches-du-Rhone",
    "MIN": 34063.0
  },
  {
    "data": "Var",
    "MIN": 34057.0
  },
  {
    "data": "Oise",
    "MIN": 33936.0
  },
  {
    "data": "Lot-et-Garonne",
    "MIN": 33730.0
  },
  {
    "data": "Drome",
    "MIN": 33701.0
  },
  {
    "data": "Haute-Savoie",
    "MIN": 33166.0
  },
  {
    "data": "Saone-et-Loire",
    "MIN": 32917.0
  },
  {
    "data": "Vosges",
    "MIN": 32387.0
  },
  {
    "data": "Bas-Rhin",
    "MIN": 31691.0
  },
  {
    "data": "Pas-de-Calais",
    "MIN": 31580.0
  },
  {
    "data": "Vienne",
    "MIN": 31537.0
  },
  {
    "data": "Eure-et-Loir",
    "MIN": 31195.0
  },
  {
    "data": "Landes",
    "MIN": 31018.0
  },
  {
    "data": "Nord",
    "MIN": 30994.0
  },
  {
    "data": "Seine-Saint-Denis",
    "MIN": 30720.0
  },
  {
    "data": "La Reunion",
    "MIN": 30653.0
  },
  {
    "data": "Seine-Maritime",
    "MIN": 30632.0
  },
  {
    "data": "Yvelines",
    "MIN": 30585.0
  },
  {
    "data": "Meurthe-et-Moselle",
    "MIN": 30569.0
  },
  {
    "data": "Hauts-de-Seine",
    "MIN": 30420.0
  },
  {
    "data": "Essonne",
    "MIN": 30268.0
  },
  {
    "data": "Val-d'Oise",
    "MIN": 30164.0
  },
  {
    "data": "Val-de-Marne",
    "MIN": 30148.0
  },
  {
    "data": "Metropole de Lyon",
    "MIN": 30140.0
  }
]