[
  {
    "data": "Paris",
    "SUM": 2240621.0
  },
  {
    "data": "Bouches-du-Rhone",
    "SUM": 1328996.0
  },
  {
    "data": "Hauts-de-Seine",
    "SUM": 1273424.0
  },
  {
    "data": "Seine-Saint-Denis",
    "SUM": 1269460.0
  },
  {
    "data": "Metropole de Lyon",
    "SUM": 932593.0
  },
  {
    "data": "Val-de-Marne",
    "SUM": 844436.0
  },
  {
    "data": "Nord",
    "SUM": 798993.0
  },
  {
    "data": "La Reunion",
    "SUM": 718939.0
  },
  {
    "data": "Alpes-Maritimes",
    "SUM": 633622.0
  },
  {
    "data": "Haute-Garonne",
    "SUM": 490016.0
  },
  {
    "data": "Yvelines",
    "SUM": 451403.0
  },
  {
    "data": "Var",
    "SUM": 442383.0
  },
  {
    "data": "Loire-Atlantique",
    "SUM": 442208.0
  },
  {
    "data": "Gironde",
    "SUM": 408528.0
  },
  {
    "data": "Herault",
    "SUM": 385984.0
  },
  {
    "data": "Val-d'Oise",
    "SUM": 358605.0
  },
  {
    "data": "Bas-Rhin",
    "SUM": 340491.0
  },
  {
    "data": "Seine-Maritime",
    "SUM": 315331.0
  },
  {
    "data": "Essonne",
    "SUM": 275549.0
  },
  {
    "data": "Ille-et-Vilaine",
    "SUM": 254480.0
  },
  {
    "data": "Loire",
    "SUM": 242846.0
  },
  {
    "data": "Isere",
    "SUM": 232277.0
  },
  {
    "data": "Marne",
    "SUM": 227118.0
  },
  {
    "data": "Pas-de-Calais",
    "SUM": 220856.0
  },
  {
    "data": "Maine-et-Loire",
    "SUM": 203198.0
  },
  {
    "data": "Finistere",
    "SUM": 203036.0
  },
  {
    "data": "Gard",
    "SUM": 187740.0
  },
  {
    "data": "Seine-et-Marne",
    "SUM": 185004.0
  },
  {
    "data": "Haut-Rhin",
    "SUM": 178012.0
  },
  {
    "data": "Indre-et-Loire",
    "SUM": 172174.0
  },
  {
    "data": "Pyrenees-Atlantiques",
    "SUM": 163584.0
  },
  {
    "data": "Moselle",
    "SUM": 160876.0
  },
  {
    "data": "Cote-d'Or",
    "SUM": 152071.0
  },
  {
    "data": "Sarthe",
    "SUM": 143599.0
  },
  {
    "data": "Puy-de-Dome",
    "SUM": 141569.0
  },
  {
    "data": "Haute-Vienne",
    "SUM": 136221.0
  },
  {
    "data": "Meurthe-et-Moselle",
    "SUM": 135636.0
  },
  {
    "data": "Somme",
    "SUM": 132727.0
  },
  {
    "data": "Drome",
    "SUM": 131886.0
  },
  {
    "data": "Oise",
    "SUM": 128253.0
  },
  {
    "data": "Martinique",
    "SUM": 125367.0
  },
  {
    "data": "Pyrenees-Orientales",
    "SUM": 120489.0
  },
  {
    "data": "Vienne",
    "SUM": 119183.0
  },
  {
    "data": "Haute-Savoie",
    "SUM": 118770.0
  },
  {
    "data": "Doubs",
    "SUM": 116353.0
  },
  {
    "data": "Loiret",
    "SUM": 114286.0
  },
  {
    "data": "Morbihan",
    "SUM": 110354.0
  },
  {
    "data": "Calvados",
    "SUM": 108365.0
  },
  {
    "data": "Aude",
    "SUM": 98937.0
  },
  {
    "data": "Guyane",
    "SUM": 95795.0
  },
  {
    "data": "Tarn",
    "SUM": 90760.0
  },
  {
    "data": "Vaucluse",
    "SUM": 89380.0
  },
  {
    "data": "Saone-et-Loire",
    "SUM": 77481.0
  },
  {
    "data": "Charente-Maritime",
    "SUM": 74123.0
  },
  {
    "data": "Eure-et-Loir",
    "SUM": 70084.0
  },
  {
    "data": "Cher",
    "SUM": 66666.0
  },
  {
    "data": "Corse-du-Sud",
    "SUM": 66245.0
  },
  {
    "data": "Aube",
    "SUM": 60009.0
  },
  {
    "data": "Guadeloupe",
    "SUM": 58606.0
  },
  {
    "data": "Savoie",
    "SUM": 58039.0
  },
  {
    "data": "Deux-Sevres",
    "SUM": 57607.0
  },
  {
    "data": "Tarn-et-Garonne",
    "SUM": 56887.0
  },
  {
    "data": "Aisne",
    "SUM": 56217.0
  },
  {
    "data": "Vendee",
    "SUM": 52808.0
  },
  {
    "data": "Mayenne",
    "SUM": 50658.0
  },
  {
    "data": "Territoire de Belfort",
    "SUM": 50102.0
  },
  {
    "data": "Ardennes",
    "SUM": 49759.0
  },
  {
    "data": "Eure",
    "SUM": 49634.0
  },
  {
    "data": "Correze",
    "SUM": 47411.0
  },
  {
    "data": "Cotes-d'Armor",
    "SUM": 45936.0
  },
  {
    "data": "Loir-et-Cher",
    "SUM": 45903.0
  },
  {
    "data": "Indre",
    "SUM": 44960.0
  },
  {
    "data": "Haute-Corse",
    "SUM": 43479.0
  },
  {
    "data": "Charente",
    "SUM": 42014.0
  },
  {
    "data": "Hautes-Pyrenees",
    "SUM": 41664.0
  },
  {
    "data": "Hautes-Alpes",
    "SUM": 40761.0
  },
  {
    "data": "Ain",
    "SUM": 40171.0
  },
  {
    "data": "Allier",
    "SUM": 38072.0
  },
  {
    "data": "Manche",
    "SUM": 37121.0
  },
  {
    "data": "Saint-Martin COM autonome",
    "SUM": 36622.0
  },
  {
    "data": "Rhone",
    "SUM": 36241.0
  },
  {
    "data": "Nievre",
    "SUM": 35327.0
  },
  {
    "data": "Yonne",
    "SUM": 35096.0
  },
  {
    "data": "Lot-et-Garonne",
    "SUM": 33730.0
  },
  {
    "data": "Vosges",
    "SUM": 32387.0
  },
  {
    "data": "Landes",
    "SUM": 31018.0
  }
]