{
  "records": [
    {
      "0000": "",
      "0001": "",
      "city": "Santa Fe",
      "state": "NC",
      "tdpId": 1
    },
    {
      "0000": "",
      "0001": "",
      "city": "Santa Fe",
      "state": "NY",
      "tdpId": 2
    },
    {
      "0000": "Santa",
      "0001": "Fe",
      "city": "Santa Fe",
      "state": "CA",
      "tdpId": 3
    },
    {
      "0000": "",
      "0001": "",
      "city": "Grapevine",
      "state": "TX",
      "tdpId": 4
    }
  ]
}