{
  "string": "string value",
  "numeric": "10",
  "object": {
    "eq": {
      "field": "nbCommands",
      "value": "13"
    }
  },
  "array": [
    1,
    2,
    3
  ],
  "regex1": "[AZaz0-9]*",
  "regex2": "[ ].*"
}