[
  {
    "data": "John",
    "MAX": 40.0
  },
  {
    "data": "David",
    "MAX": 67.0
  }
]