[
  {
    "0000": "pierre",
    "0001": "pierre@email.com;1970;paris"
  },
  {
    "0000": "audrey",
    "0001": "audrey@email.com"
  },
  {
    "0000": "alistaire",
    "0001": "alistaire@email.com;1981"
  },
  {
    "0000": "Ulrich",
    "0001": "ulrich@email.com;1990;Bonn"
  }
]