[
  {
    "0000": "Sheriff Woody",
    "0001": "Tom Hanks",
    "0002": "1995–present"
  },
  {
    "0000": "Buzz Lightyear",
    "0001": "",
    "0002": "1995–present"
  },
  {
    "0000": "Mr. Potato Head",
    "0001": "Don Rickles",
    "0002": "1995–present"
  },
  {
    "0000": "Mrs. Potato Head",
    "0001": "",
    "0002": ""
  },
  {
    "0000": "Barbie",
    "0001": "Jodi Benson",
    "0002": "1999-present"
  }
]