[
  {
    "0000": "James",
    "0001": "Butt"
  },
  {
    "0000": "Josephine",
    "0001": "Darakjy"
  },
  {
    "0000": "Art",
    "0001": "Venere"
  },
  {
    "0000": "Lenna",
    "0001": "Paprocki"
  },
  {
    "0000": "Donette",
    "0001": "Foller"
  },
  {
    "0000": "Simona",
    "0001": "Morasca"
  },
  {
    "0000": "Mitsue",
    "0001": "Tollner"
  }
]