{
  "records": [
    {
      "0000": "1",
      "0001": "JOHN",
      "0002": "Lennon",
      "0003": "40",
      "0004": "10/09/1940",
      "0005": "false",
      "tdpId": 1
    },
    {
      "0000": "2",
      "0001": "David",
      "0002": "BOWIE",
      "0003": "67",
      "0004": "01/08/1947",
      "0005": "true",
      "tdpId": 2
    },
    {
      "0000": "3",
      "0001": "Dylan",
      "0002": "Bob",
      "0003": "74",
      "0004": "empty",
      "0005": "",
      "tdpId": 3
    },
    {
      "0000": "4",
      "0001": "HENDRIX",
      "0002": "Jimi",
      "0003": "",
      "0004": "1942-27-11",
      "0005": "false",
      "tdpId": 4
    }
  ]
}