{
  "metadata": {
    "columns": [
      {
        "name": "user_id",
        "headerSize": 0,
        "type": "string",
        "quality": {
          "empty": 0,
          "invalid": 0,
          "valid": 100
        },
        "id": "0000",
        "statistics": {}
      },
      {
        "name": "departement",
        "headerSize": 0,
        "type": "integer",
        "quality": {
          "empty": 2,
          "invalid": 0,
          "valid": 98
        },
        "id": "0001",
        "statistics": {}
      },
      {
        "name": "birth",
        "headerSize": 0,
        "type": "date",
        "quality": {
          "empty": 0,
          "invalid": 0,
          "valid": 100
        },
        "id": "0002",
        "statistics": {}
      },
      {
        "name": "order_id",
        "headerSize": 0,
        "type": "string",
        "quality": {
          "empty": 0,
          "invalid": 0,
          "valid": 100
        },
        "id": "0003",
        "statistics": {}
      },
      {
        "name": "order_date",
        "headerSize": 0,
        "type": "date",
        "quality": {
          "empty": 0,
          "invalid": 0,
          "valid": 100
        },
        "id": "0004",
        "statistics": {}
      },
      {
        "name": "total",
        "headerSize": 0,
        "type": "double",
        "quality": {
          "empty": 0,
          "invalid": 0,
          "valid": 100
        },
        "id": "0005",
        "statistics": {}
      },
      {
        "name": "nb_tshirts",
        "headerSize": 0,
        "type": "integer",
        "quality": {
          "empty": 0,
          "invalid": 0,
          "valid": 100
        },
        "id": "0006",
        "statistics": {}
      },
      {
        "name": "tshirt_price",
        "headerSize": 0,
        "type": "double",
        "quality": {
          "empty": 0,
          "invalid": 0,
          "valid": 100
        },
        "id": "0007",
        "statistics": {}
      },
      {
        "name": "category",
        "headerSize": 0,
        "type": "string",
        "quality": {
          "empty": 0,
          "invalid": 0,
          "valid": 100
        },
        "id": "0008",
        "statistics": {}
      }
    ]
  },
  "records": [
    {
      "0000": "a4dc1548af",
      "0001": "",
      "0002": "11/09/1970",
      "0003": "TSG-1200493",
      "0004": "2013-12-07 15:27:00",
      "0005": "71.7",
      "0006": "3",
      "0007": "23.9",
      "0008": "White T-Shirt M",
      "tdpId": 1
    },
    {
      "0000": "e8f6f7853c",
      "0001": "91",
      "0002": "01/31/1983",
      "0003": "TSG-1200500",
      "0004": "2014-01-22 08:28:00",
      "0005": "19.9",
      "0006": "1",
      "0007": "19.9",
      "0008": "Black T-Shirt M",
      "tdpId": 2
    },
    {
      "0000": "5802162c20",
      "0001": "46",
      "0002": "06/05/1958",
      "0003": "TSG-1200502",
      "0004": "2014-03-22 21:07:00",
      "0005": "19.9",
      "0006": "1",
      "0007": "19.9",
      "0008": "Black T-Shirt F",
      "tdpId": 3
    },
    {
      "0000": "67dc195843",
      "0001": "92",
      "0002": "12/30/1899",
      "0003": "TSG-1200503",
      "0004": "2014-09-07 09:03:00",
      "0005": "16.7",
      "0006": "1",
      "0007": "16.7",
      "0008": "Black T-Shirt M",
      "tdpId": 4
    },
    {
      "0000": "7c52e0eab6",
      "0001": "78",
      "0002": "12/19/1981",
      "0003": "TSG-1200505",
      "0004": "2014-05-20 15:25:00",
      "0005": "16.7",
      "0006": "1",
      "0007": "16.7",
      "0008": "Black T-Shirt F",
      "tdpId": 5
    },
    {
      "0000": "ef433d39c6",
      "0001": "71",
      "0002": "01/23/1991",
      "0003": "TSG-1200508",
      "0004": "2013-12-22 14:09:00",
      "0005": "16.7",
      "0006": "1",
      "0007": "16.7",
      "0008": "Black T-Shirt M",
      "tdpId": 6
    },
    {
      "0000": "17b8b214b0",
      "0001": "69",
      "0002": "05/24/1982",
      "0003": "TSG-1200509",
      "0004": "2014-05-22 12:14:00",
      "0005": "19.9",
      "0006": "1",
      "0007": "19.9",
      "0008": "White T-Shirt M",
      "tdpId": 7
    },
    {
      "0000": "1c3ddff940",
      "0001": "70",
      "0002": "01/05/1971",
      "0003": "TSG-1200530",
      "0004": "2013-12-05 19:45:00",
      "0005": "19.9",
      "0006": "1",
      "0007": "19.9",
      "0008": "Black T-Shirt F",
      "tdpId": 8
    },
    {
      "0000": "61a7d084f5",
      "0001": "75",
      "0002": "02/11/1963",
      "0003": "TSG-1200534",
      "0004": "2013-12-15 15:05:00",
      "0005": "33.4",
      "0006": "2",
      "0007": "16.7",
      "0008": "Black T-Shirt M",
      "tdpId": 9
    },
    {
      "0000": "61a7d084f5",
      "0001": "75",
      "0002": "02/11/1963",
      "0003": "TSG-1200535",
      "0004": "2013-12-15 15:05:00",
      "0005": "33.4",
      "0006": "2",
      "0007": "16.7",
      "0008": "Black T-Shirt M",
      "tdpId": 10
    },
    {
      "0000": "ff971288b2",
      "0001": "13",
      "0002": "05/28/1973",
      "0003": "TSG-1200538",
      "0004": "2013-11-29 13:19:00",
      "0005": "39.8",
      "0006": "2",
      "0007": "19.9",
      "0008": "White T-Shirt M",
      "tdpId": 11
    },
    {
      "0000": "d72e9b958a",
      "0001": "75",
      "0002": "12/16/1977",
      "0003": "TSG-1200541",
      "0004": "2014-02-10 14:22:00",
      "0005": "25.0",
      "0006": "1",
      "0007": "25.0",
      "0008": "Hoodie",
      "tdpId": 12
    },
    {
      "0000": "87f89d1fe4",
      "0001": "53",
      "0002": "12/18/1950",
      "0003": "TSG-1200545",
      "0004": "2014-01-19 10:59:00",
      "0005": "200.0",
      "0006": "8",
      "0007": "25.0",
      "0008": "Hoodie",
      "tdpId": 13
    },
    {
      "0000": "87f89d1fe4",
      "0001": "53",
      "0002": "12/18/1950",
      "0003": "TSG-1200547",
      "0004": "2014-01-19 10:59:00",
      "0005": "200.0",
      "0006": "8",
      "0007": "25.0",
      "0008": "Hoodie",
      "tdpId": 14
    },
    {
      "0000": "23b5dae249",
      "0001": "75",
      "0002": "06/07/1977",
      "0003": "TSG-1200552",
      "0004": "2014-08-20 10:10:00",
      "0005": "19.9",
      "0006": "1",
      "0007": "19.9",
      "0008": "Hoodie",
      "tdpId": 15
    },
    {
      "0000": "82c97f8fbc",
      "0001": "13",
      "0002": "04/04/1987",
      "0003": "TSG-1200555",
      "0004": "2013-12-21 20:42:00",
      "0005": "75.0",
      "0006": "3",
      "0007": "25.0",
      "0008": "Hoodie",
      "tdpId": 16
    },
    {
      "0000": "1208f3603c",
      "0001": "52",
      "0002": "10/01/1959",
      "0003": "TSG-1200560",
      "0004": "2013-12-14 12:57:00",
      "0005": "23.9",
      "0006": "1",
      "0007": "23.9",
      "0008": "Hoodie",
      "tdpId": 17
    },
    {
      "0000": "ce7bd68e91",
      "0001": "49",
      "0002": "02/01/1958",
      "0003": "TSG-1200561",
      "0004": "2014-03-12 10:03:00",
      "0005": "217.1",
      "0006": "13",
      "0007": "16.7",
      "0008": "Black T-Shirt M",
      "tdpId": 18
    },
    {
      "0000": "50d150a385",
      "0001": "93",
      "0002": "06/07/1966",
      "0003": "TSG-1200564",
      "0004": "2014-05-30 21:01:00",
      "0005": "16.7",
      "0006": "1",
      "0007": "16.7",
      "0008": "Bk TShirt M",
      "tdpId": 19
    },
    {
      "0000": "b25f411e02",
      "0001": "84",
      "0002": "12/30/1899",
      "0003": "TSG-1200565",
      "0004": "2014-08-14 23:53:00",
      "0005": "19.9",
      "0006": "1",
      "0007": "19.9",
      "0008": "Hoodie",
      "tdpId": 20
    },
    {
      "0000": "eda2d9d70a",
      "0001": "02",
      "0002": "12/09/1979",
      "0003": "TSG-1200566",
      "0004": "2013-12-07 18:57:00",
      "0005": "19.9",
      "0006": "1",
      "0007": "19.9",
      "0008": "White T-Shirt M",
      "tdpId": 21
    },
    {
      "0000": "c3a94ea2b0",
      "0001": "85",
      "0002": "06/24/1954",
      "0003": "TSG-1200571",
      "0004": "2013-12-12 19:21:00",
      "0005": "33.4",
      "0006": "2",
      "0007": "16.7",
      "0008": "Black T-Shirt F",
      "tdpId": 22
    },
    {
      "0000": "68752ccdb7",
      "0001": "56",
      "0002": "12/30/1899",
      "0003": "TSG-1200573",
      "0004": "2014-05-28 19:02:00",
      "0005": "16.7",
      "0006": "1",
      "0007": "16.7",
      "0008": "Black T-Shirt M",
      "tdpId": 23
    },
    {
      "0000": "c73d54ceb4",
      "0001": "42",
      "0002": "12/30/1899",
      "0003": "TSG-1200574",
      "0004": "2013-12-13 20:30:00",
      "0005": "39.8",
      "0006": "2",
      "0007": "19.9",
      "0008": "Hoodie",
      "tdpId": 24
    },
    {
      "0000": "d458f3e372",
      "0001": "67",
      "0002": "02/11/1978",
      "0003": "TSG-1200575",
      "0004": "2013-12-06 21:44:00",
      "0005": "25.0",
      "0006": "1",
      "0007": "25.0",
      "0008": "Hoodie",
      "tdpId": 25
    },
    {
      "0000": "8ad19a93d3",
      "0001": "77",
      "0002": "07/06/1977",
      "0003": "TSG-1200580",
      "0004": "2013-12-12 17:44:00",
      "0005": "19.9",
      "0006": "1",
      "0007": "19.9",
      "0008": "Hoodie",
      "tdpId": 26
    },
    {
      "0000": "3dd642eabf",
      "0001": "60",
      "0002": "05/29/1985",
      "0003": "TSG-1200586",
      "0004": "2014-03-06 14:24:00",
      "0005": "16.7",
      "0006": "1",
      "0007": "16.7",
      "0008": "Black T-Shirt M",
      "tdpId": 27
    },
    {
      "0000": "744e6b6b69",
      "0001": "30",
      "0002": "11/23/1966",
      "0003": "TSG-1200587",
      "0004": "2013-12-12 09:56:00",
      "0005": "23.9",
      "0006": "1",
      "0007": "23.9",
      "0008": "Hoodie",
      "tdpId": 28
    },
    {
      "0000": "0c8850d2f7",
      "0001": "13",
      "0002": "01/09/1968",
      "0003": "TSG-1200588",
      "0004": "2014-05-27 11:19:00",
      "0005": "23.9",
      "0006": "1",
      "0007": "23.9",
      "0008": "Black T-Shirt F",
      "tdpId": 29
    },
    {
      "0000": "0dbf9ac289",
      "0001": "38",
      "0002": "07/21/1979",
      "0003": "TSG-1200590",
      "0004": "2014-07-15 16:50:00",
      "0005": "16.7",
      "0006": "1",
      "0007": "16.7",
      "0008": "Black T-Shirt M",
      "tdpId": 30
    },
    {
      "0000": "323f53ec46",
      "0001": "13",
      "0002": "06/07/1972",
      "0003": "TSG-1200593",
      "0004": "2014-06-07 21:48:00",
      "0005": "25.0",
      "0006": "1",
      "0007": "25.0",
      "0008": "Hoodie",
      "tdpId": 31
    },
    {
      "0000": "0ff83e41eb",
      "0001": "45",
      "0002": "07/12/1980",
      "0003": "TSG-1200596",
      "0004": "2014-04-29 22:59:00",
      "0005": "95.6",
      "0006": "4",
      "0007": "23.9",
      "0008": "White T-Shirt M",
      "tdpId": 32
    },
    {
      "0000": "a14684b3c2",
      "0001": "88",
      "0002": "09/20/1992",
      "0003": "TSG-1200597",
      "0004": "2013-12-15 13:15:00",
      "0005": "19.9",
      "0006": "1",
      "0007": "19.9",
      "0008": "White T-Shirt M",
      "tdpId": 33
    },
    {
      "0000": "dd5e044d69",
      "0001": "79",
      "0002": "06/11/1972",
      "0003": "TSG-1200600",
      "0004": "2014-09-07 18:42:00",
      "0005": "19.9",
      "0006": "1",
      "0007": "19.9",
      "0008": "Bk TShirt M",
      "tdpId": 34
    },
    {
      "0000": "5317ff75d9",
      "0001": "40",
      "0002": "02/28/1989",
      "0003": "TSG-1200601",
      "0004": "2014-10-26 17:04:00",
      "0005": "19.9",
      "0006": "1",
      "0007": "19.9",
      "0008": "White T-Shirt M",
      "tdpId": 35
    },
    {
      "0000": "33e44f3d61",
      "0001": "13",
      "0002": "12/30/1899",
      "0003": "TSG-1200610",
      "0004": "2014-02-04 17:49:00",
      "0005": "19.9",
      "0006": "1",
      "0007": "19.9",
      "0008": "White T-Shirt M",
      "tdpId": 36
    },
    {
      "0000": "107d82bec6",
      "0001": "18",
      "0002": "08/24/1963",
      "0003": "TSG-1200615",
      "0004": "2013-12-16 19:52:00",
      "0005": "25.0",
      "0006": "1",
      "0007": "25.0",
      "0008": "Hoodie",
      "tdpId": 37
    },
    {
      "0000": "f2d8afa0eb",
      "0001": "71",
      "0002": "01/27/1957",
      "0003": "TSG-1200617",
      "0004": "2013-12-05 16:23:00",
      "0005": "23.9",
      "0006": "1",
      "0007": "23.9",
      "0008": "White T-Shirt M",
      "tdpId": 38
    },
    {
      "0000": "96ebf96df2",
      "0001": "92",
      "0002": "05/12/1965",
      "0003": "TSG-1200621",
      "0004": "2014-01-12 21:34:00",
      "0005": "19.9",
      "0006": "1",
      "0007": "19.9",
      "0008": "Hoodie",
      "tdpId": 39
    },
    {
      "0000": "54dedcf486",
      "0001": "45",
      "0002": "07/29/1990",
      "0003": "TSG-1200623",
      "0004": "2014-02-05 15:42:00",
      "0005": "23.9",
      "0006": "1",
      "0007": "23.9",
      "0008": "Tennis Shirt",
      "tdpId": 40
    },
    {
      "0000": "3b1a3d1f80",
      "0001": "30",
      "0002": "09/21/1943",
      "0003": "TSG-1200627",
      "0004": "2014-03-21 16:31:00",
      "0005": "19.9",
      "0006": "1",
      "0007": "19.9",
      "0008": "Hoodie",
      "tdpId": 41
    },
    {
      "0000": "a34623fabf",
      "0001": "59",
      "0002": "01/27/1988",
      "0003": "TSG-1200631",
      "0004": "2013-12-30 22:56:00",
      "0005": "33.4",
      "0006": "2",
      "0007": "16.7",
      "0008": "Black T-Shirt F",
      "tdpId": 42
    },
    {
      "0000": "8a2f7c6e4c",
      "0001": "45",
      "0002": "10/27/1945",
      "0003": "TSG-1200632",
      "0004": "2014-05-25 14:03:00",
      "0005": "16.7",
      "0006": "1",
      "0007": "16.7",
      "0008": "White T-Shirt M",
      "tdpId": 43
    },
    {
      "0000": "6c69226614",
      "0001": "62",
      "0002": "08/10/1980",
      "0003": "TSG-1200633",
      "0004": "2014-05-26 21:42:00",
      "0005": "16.7",
      "0006": "1",
      "0007": "16.7",
      "0008": "White T-Shirt F",
      "tdpId": 44
    },
    {
      "0000": "a01de4cac3",
      "0001": "57",
      "0002": "11/15/1966",
      "0003": "TSG-1200635",
      "0004": "2013-12-02 16:24:00",
      "0005": "25.0",
      "0006": "1",
      "0007": "25.0",
      "0008": "White T-Shirt M",
      "tdpId": 45
    },
    {
      "0000": "a9206a94c0",
      "0001": "13",
      "0002": "11/12/1984",
      "0003": "TSG-1200645",
      "0004": "2013-12-28 17:35:00",
      "0005": "19.9",
      "0006": "1",
      "0007": "19.9",
      "0008": "Black T-Shirt M",
      "tdpId": 46
    },
    {
      "0000": "00bdf912c4",
      "0001": "61",
      "0002": "09/18/1972",
      "0003": "TSG-1200648",
      "0004": "2013-12-17 18:37:00",
      "0005": "32.0",
      "0006": "1",
      "0007": "32.0",
      "0008": "Hoodie",
      "tdpId": 47
    },
    {
      "0000": "179a7fa5fb",
      "0001": "75",
      "0002": "06/11/1986",
      "0003": "TSG-1200649",
      "0004": "2014-07-06 09:36:00",
      "0005": "19.9",
      "0006": "1",
      "0007": "19.9",
      "0008": "White T-Shirt M",
      "tdpId": 48
    },
    {
      "0000": "646eb92052",
      "0001": "74",
      "0002": "08/25/1958",
      "0003": "TSG-1200651",
      "0004": "2013-12-20 12:53:00",
      "0005": "39.8",
      "0006": "2",
      "0007": "19.9",
      "0008": "White T-Shirt M",
      "tdpId": 49
    },
    {
      "0000": "31c8e83fa5",
      "0001": "78",
      "0002": "11/19/1986",
      "0003": "TSG-1200652",
      "0004": "2013-12-09 19:42:00",
      "0005": "23.9",
      "0006": "1",
      "0007": "23.9",
      "0008": "White T-Shirt M",
      "tdpId": 50
    },
    {
      "0000": "9c5aadb0c2",
      "0001": "04",
      "0002": "05/26/1965",
      "0003": "TSG-1200654",
      "0004": "2013-12-07 09:24:00",
      "0005": "50.0",
      "0006": "2",
      "0007": "25.0",
      "0008": "Hoodie",
      "tdpId": 51
    },
    {
      "0000": "1d51c9e033",
      "0001": "75",
      "0002": "11/28/1991",
      "0003": "TSG-1200655",
      "0004": "2013-12-22 12:07:00",
      "0005": "16.7",
      "0006": "1",
      "0007": "16.7",
      "0008": "Bk TShirt M",
      "tdpId": 52
    },
    {
      "0000": "364b971135",
      "0001": "38",
      "0002": "03/15/1992",
      "0003": "TSG-1200664",
      "0004": "2014-02-15 18:39:00",
      "0005": "16.7",
      "0006": "1",
      "0007": "16.7",
      "0008": "White T-Shirt F",
      "tdpId": 53
    },
    {
      "0000": "4af00ddbca",
      "0001": "21",
      "0002": "12/30/1899",
      "0003": "TSG-1200667",
      "0004": "2013-12-30 19:55:00",
      "0005": "16.7",
      "0006": "1",
      "0007": "16.7",
      "0008": "Bk TShirt M",
      "tdpId": 54
    },
    {
      "0000": "20391b0046",
      "0001": "86",
      "0002": "06/14/1954",
      "0003": "TSG-1200669",
      "0004": "2014-06-05 17:59:00",
      "0005": "23.9",
      "0006": "1",
      "0007": "23.9",
      "0008": "Black T-Shirt F",
      "tdpId": 55
    },
    {
      "0000": "70dc2af2de",
      "0001": "06",
      "0002": "06/12/1966",
      "0003": "TSG-1200670",
      "0004": "2013-12-22 21:09:00",
      "0005": "16.7",
      "0006": "1",
      "0007": "16.7",
      "0008": "Black T-Shirt F",
      "tdpId": 56
    },
    {
      "0000": "fd030c2ed2",
      "0001": "13",
      "0002": "09/06/1986",
      "0003": "TSG-1200671",
      "0004": "2013-12-04 18:22:00",
      "0005": "19.9",
      "0006": "1",
      "0007": "19.9",
      "0008": "Black T-Shirt F",
      "tdpId": 57
    },
    {
      "0000": "40b5a2eeae",
      "0001": "92",
      "0002": "05/26/1980",
      "0003": "TSG-1200674",
      "0004": "2014-05-29 00:08:00",
      "0005": "16.7",
      "0006": "1",
      "0007": "16.7",
      "0008": "Black T-Shirt F",
      "tdpId": 58
    },
    {
      "0000": "1a23b835fb",
      "0001": "28",
      "0002": "12/23/1989",
      "0003": "TSG-1200675",
      "0004": "2013-12-10 21:13:00",
      "0005": "16.7",
      "0006": "1",
      "0007": "16.7",
      "0008": "Black T-Shirt M",
      "tdpId": 59
    },
    {
      "0000": "3de2c07555",
      "0001": "91",
      "0002": "12/05/1948",
      "0003": "TSG-1200677",
      "0004": "2013-12-15 16:00:00",
      "0005": "23.9",
      "0006": "1",
      "0007": "23.9",
      "0008": "White T-Shirt F",
      "tdpId": 60
    },
    {
      "0000": "fb8604b0a6",
      "0001": "63",
      "0002": "07/09/1952",
      "0003": "TSG-1200678",
      "0004": "2013-12-18 11:33:00",
      "0005": "25.0",
      "0006": "1",
      "0007": "25.0",
      "0008": "Tennis Shirt",
      "tdpId": 61
    },
    {
      "0000": "c3d823c5ac",
      "0001": "45",
      "0002": "07/22/1975",
      "0003": "TSG-1200680",
      "0004": "2013-12-21 15:07:00",
      "0005": "25.0",
      "0006": "1",
      "0007": "25.0",
      "0008": "Hoodie",
      "tdpId": 62
    },
    {
      "0000": "ac285cfb88",
      "0001": "44",
      "0002": "12/29/1972",
      "0003": "TSG-1200682",
      "0004": "2014-06-18 22:46:00",
      "0005": "19.9",
      "0006": "1",
      "0007": "19.9",
      "0008": "White T-Shirt F",
      "tdpId": 63
    },
    {
      "0000": "6ef4de836b",
      "0001": "50",
      "0002": "03/18/1991",
      "0003": "TSG-1200686",
      "0004": "2013-12-01 12:44:00",
      "0005": "19.9",
      "0006": "1",
      "0007": "19.9",
      "0008": "Hoodie",
      "tdpId": 64
    },
    {
      "0000": "1efdabf5e9",
      "0001": "76",
      "0002": "12/30/1899",
      "0003": "TSG-1200687",
      "0004": "2013-12-04 20:21:00",
      "0005": "16.7",
      "0006": "1",
      "0007": "16.7",
      "0008": "Bk TShirt M",
      "tdpId": 65
    },
    {
      "0000": "eb38117368",
      "0001": "31",
      "0002": "12/30/1899",
      "0003": "TSG-1200692",
      "0004": "2014-06-13 10:24:00",
      "0005": "19.9",
      "0006": "1",
      "0007": "19.9",
      "0008": "Hoodie",
      "tdpId": 66
    },
    {
      "0000": "c5c16f4f13",
      "0001": "73",
      "0002": "01/07/1991",
      "0003": "TSG-1200695",
      "0004": "2014-05-18 09:58:00",
      "0005": "25.0",
      "0006": "1",
      "0007": "25.0",
      "0008": "Hoodie",
      "tdpId": 67
    },
    {
      "0000": "493067ec34",
      "0001": "32",
      "0002": "02/28/1981",
      "0003": "TSG-1200698",
      "0004": "2013-11-30 21:47:00",
      "0005": "16.7",
      "0006": "1",
      "0007": "16.7",
      "0008": "Black T-Shirt F",
      "tdpId": 68
    },
    {
      "0000": "17a13d04f5",
      "0001": "71",
      "0002": "10/25/1970",
      "0003": "TSG-1200703",
      "0004": "2014-09-27 12:30:00",
      "0005": "16.7",
      "0006": "1",
      "0007": "16.7",
      "0008": "Bk TShirt M",
      "tdpId": 69
    },
    {
      "0000": "6492c9ca1a",
      "0001": "31",
      "0002": "09/22/1971",
      "0003": "TSG-1200707",
      "0004": "2013-11-29 15:55:00",
      "0005": "23.9",
      "0006": "1",
      "0007": "23.9",
      "0008": "Hoodie",
      "tdpId": 70
    },
    {
      "0000": "f4bc31829c",
      "0001": "",
      "0002": "09/30/1978",
      "0003": "TSG-1200712",
      "0004": "2013-12-08 14:38:00",
      "0005": "39.8",
      "0006": "2",
      "0007": "19.9",
      "0008": "Hoodie",
      "tdpId": 71
    },
    {
      "0000": "0e05252c1c",
      "0001": "77",
      "0002": "12/30/1899",
      "0003": "TSG-1200714",
      "0004": "2014-06-13 19:43:00",
      "0005": "19.9",
      "0006": "1",
      "0007": "19.9",
      "0008": "White T-Shirt M",
      "tdpId": 72
    },
    {
      "0000": "e57ed139fe",
      "0001": "13",
      "0002": "05/12/1973",
      "0003": "TSG-1200716",
      "0004": "2013-12-13 21:48:00",
      "0005": "25.0",
      "0006": "1",
      "0007": "25.0",
      "0008": "Hoodie",
      "tdpId": 73
    },
    {
      "0000": "d509397d20",
      "0001": "78",
      "0002": "12/11/1981",
      "0003": "TSG-1200727",
      "0004": "2013-12-05 20:44:00",
      "0005": "25.0",
      "0006": "1",
      "0007": "25.0",
      "0008": "Tennis Shirt",
      "tdpId": 74
    },
    {
      "0000": "8c9429a3e8",
      "0001": "66",
      "0002": "12/30/1899",
      "0003": "TSG-1200730",
      "0004": "2013-12-20 19:26:00",
      "0005": "50.1",
      "0006": "3",
      "0007": "16.7",
      "0008": "White T-Shirt F",
      "tdpId": 75
    },
    {
      "0000": "58da7637fb",
      "0001": "01",
      "0002": "11/25/1990",
      "0003": "TSG-1200735",
      "0004": "2014-05-24 11:52:00",
      "0005": "23.9",
      "0006": "1",
      "0007": "23.9",
      "0008": "White T-Shirt M",
      "tdpId": 76
    },
    {
      "0000": "ac6025cefc",
      "0001": "33",
      "0002": "03/24/1983",
      "0003": "TSG-1200736",
      "0004": "2014-03-11 18:20:00",
      "0005": "16.7",
      "0006": "1",
      "0007": "16.7",
      "0008": "Black T-Shirt M",
      "tdpId": 77
    },
    {
      "0000": "2a804daa5a",
      "0001": "93",
      "0002": "11/16/1988",
      "0003": "TSG-1200737",
      "0004": "2013-12-16 15:00:00",
      "0005": "16.7",
      "0006": "1",
      "0007": "16.7",
      "0008": "Black T-Shirt M",
      "tdpId": 78
    },
    {
      "0000": "d0f60ed40d",
      "0001": "33",
      "0002": "09/02/1988",
      "0003": "TSG-1200738",
      "0004": "2013-12-11 21:11:00",
      "0005": "16.7",
      "0006": "1",
      "0007": "16.7",
      "0008": "Black T-Shirt M",
      "tdpId": 79
    },
    {
      "0000": "5e699ec7d9",
      "0001": "30",
      "0002": "04/01/1987",
      "0003": "TSG-1200741",
      "0004": "2014-01-01 17:16:00",
      "0005": "16.7",
      "0006": "1",
      "0007": "16.7",
      "0008": "Black T-Shirt M",
      "tdpId": 80
    },
    {
      "0000": "5fddecf5fc",
      "0001": "74",
      "0002": "06/17/1961",
      "0003": "TSG-1200745",
      "0004": "2014-06-09 22:33:00",
      "0005": "19.9",
      "0006": "1",
      "0007": "19.9",
      "0008": "White T-Shirt M",
      "tdpId": 81
    },
    {
      "0000": "0d0509f0c1",
      "0001": "78",
      "0002": "12/30/1899",
      "0003": "TSG-1200746",
      "0004": "2014-08-26 20:30:00",
      "0005": "19.9",
      "0006": "1",
      "0007": "19.9",
      "0008": "Black T-Shirt M",
      "tdpId": 82
    },
    {
      "0000": "88ff7ee13d",
      "0001": "34",
      "0002": "04/11/1973",
      "0003": "TSG-1200749",
      "0004": "2013-12-12 22:16:00",
      "0005": "19.9",
      "0006": "1",
      "0007": "19.9",
      "0008": "Black T-Shirt F",
      "tdpId": 83
    },
    {
      "0000": "440364d3ed",
      "0001": "14",
      "0002": "12/12/1967",
      "0003": "TSG-1200755",
      "0004": "2013-12-08 20:26:00",
      "0005": "19.9",
      "0006": "1",
      "0007": "19.9",
      "0008": "Black T-Shirt F",
      "tdpId": 84
    },
    {
      "0000": "b24ec338ab",
      "0001": "92",
      "0002": "12/30/1899",
      "0003": "TSG-1200758",
      "0004": "2013-12-07 22:09:00",
      "0005": "19.9",
      "0006": "1",
      "0007": "19.9",
      "0008": "Hoodie",
      "tdpId": 85
    },
    {
      "0000": "269ca47391",
      "0001": "77",
      "0002": "07/14/1980",
      "0003": "TSG-1200763",
      "0004": "2014-09-20 10:26:00",
      "0005": "39.8",
      "0006": "2",
      "0007": "19.9",
      "0008": "White T-Shirt M",
      "tdpId": 86
    },
    {
      "0000": "63e3824a6b",
      "0001": "78",
      "0002": "07/21/1993",
      "0003": "TSG-1200764",
      "0004": "2013-12-11 17:31:00",
      "0005": "33.4",
      "0006": "2",
      "0007": "16.7",
      "0008": "Black T-Shirt M",
      "tdpId": 87
    },
    {
      "0000": "88a4ea14c8",
      "0001": "35",
      "0002": "07/10/1980",
      "0003": "TSG-1200766",
      "0004": "2014-06-28 22:37:00",
      "0005": "16.7",
      "0006": "1",
      "0007": "16.7",
      "0008": "Black T-Shirt F",
      "tdpId": 88
    },
    {
      "0000": "145f6fa2ae",
      "0001": "49",
      "0002": "05/31/1975",
      "0003": "TSG-1200767",
      "0004": "2014-08-19 22:26:00",
      "0005": "19.9",
      "0006": "1",
      "0007": "19.9",
      "0008": "White T-Shirt M",
      "tdpId": 89
    },
    {
      "0000": "fc40aa699d",
      "0001": "38",
      "0002": "06/26/1942",
      "0003": "TSG-1200768",
      "0004": "2014-05-07 14:20:00",
      "0005": "32.0",
      "0006": "1",
      "0007": "32.0",
      "0008": "Hoodie",
      "tdpId": 90
    },
    {
      "0000": "52e1e72e77",
      "0001": "69",
      "0002": "09/11/1973",
      "0003": "TSG-1200770",
      "0004": "2014-01-12 21:47:00",
      "0005": "16.7",
      "0006": "1",
      "0007": "16.7",
      "0008": "White T-Shirt M",
      "tdpId": 91
    },
    {
      "0000": "7f115c147a",
      "0001": "95",
      "0002": "08/15/1982",
      "0003": "TSG-1200773",
      "0004": "2014-04-16 15:27:00",
      "0005": "19.9",
      "0006": "1",
      "0007": "19.9",
      "0008": "Hoodie",
      "tdpId": 92
    },
    {
      "0000": "0e67deba5d",
      "0001": "75",
      "0002": "07/11/1988",
      "0003": "TSG-1200777",
      "0004": "2013-12-08 18:55:00",
      "0005": "32.0",
      "0006": "1",
      "0007": "32.0",
      "0008": "Hoodie",
      "tdpId": 93
    },
    {
      "0000": "8e6ec9b1a4",
      "0001": "93",
      "0002": "02/13/1988",
      "0003": "TSG-1200779",
      "0004": "2014-04-22 16:33:00",
      "0005": "25.0",
      "0006": "1",
      "0007": "25.0",
      "0008": "White T-Shirt M",
      "tdpId": 94
    },
    {
      "0000": "d35bf4de71",
      "0001": "31",
      "0002": "07/06/1975",
      "0003": "TSG-1200780",
      "0004": "2013-12-18 16:29:00",
      "0005": "19.9",
      "0006": "1",
      "0007": "19.9",
      "0008": "Hoodie",
      "tdpId": 95
    },
    {
      "0000": "6408379aae",
      "0001": "68",
      "0002": "01/23/1986",
      "0003": "TSG-1200789",
      "0004": "2014-08-05 21:48:00",
      "0005": "16.7",
      "0006": "1",
      "0007": "16.7",
      "0008": "Black T-Shirt M",
      "tdpId": 96
    },
    {
      "0000": "c872008d18",
      "0001": "95",
      "0002": "07/10/1985",
      "0003": "TSG-1200791",
      "0004": "2014-08-28 09:29:00",
      "0005": "16.7",
      "0006": "1",
      "0007": "16.7",
      "0008": "White T-Shirt M",
      "tdpId": 97
    },
    {
      "0000": "542c090413",
      "0001": "67",
      "0002": "04/14/1965",
      "0003": "TSG-1200796",
      "0004": "2013-12-01 22:33:00",
      "0005": "79.6",
      "0006": "4",
      "0007": "19.9",
      "0008": "White T-Shirt M",
      "tdpId": 98
    },
    {
      "0000": "52bd364cae",
      "0001": "78",
      "0002": "04/22/1985",
      "0003": "TSG-1200799",
      "0004": "2014-09-11 14:25:00",
      "0005": "16.7",
      "0006": "1",
      "0007": "16.7",
      "0008": "Black T-Shirt M",
      "tdpId": 99
    },
    {
      "0000": "76ef72ce98",
      "0001": "44",
      "0002": "12/30/1899",
      "0003": "TSG-1200801",
      "0004": "2013-12-21 10:09:00",
      "0005": "16.7",
      "0006": "1",
      "0007": "16.7",
      "0008": "Black T-Shirt M",
      "tdpId": 100
    }
  ]
}
